C51 COMPILER V9.54   MAIN                                                                  03/23/2022 20:44:11 PAGE 1   


C51 COMPILER V9.54, COMPILATION OF MODULE MAIN
OBJECT MODULE PLACED IN .\Objects\main.obj
COMPILER INVOKED BY: I:\Keilv5\C51\BIN\C51.EXE main.c OPTIMIZE(8,SPEED) BROWSE DEBUG OBJECTEXTEND PRINT(.\Listings\main.
                    -lst) TABS(2) OBJECT(.\Objects\main.obj)

line level    source

   1          #include <REGX52.H>
   2          #include "Delay.h"
   3          #include "UART.h"
   4          
   5          unsigned char Sec;
   6          
   7          void main ()
   8          {
   9   1        UART_Init();
  10   1      
  11   1          while(1)
  12   1        { 
  13   2          
  14   2        }   
  15   1      }
  16          
  17          //中断服务子函数  interrupt 4中断后跳到这个函数
  18          void UART_Rountine() interrupt 4
  19          {
  20   1        if(RI==1)
  21   1        {
  22   2          P2=SBUF;//读取数据
  23   2          UART_SendByte(SBUF);
  24   2          RI=0;
  25   2        }
  26   1      }


MODULE INFORMATION:   STATIC OVERLAYABLE
   CODE SIZE        =     74    ----
   CONSTANT SIZE    =   ----    ----
   XDATA SIZE       =   ----    ----
   PDATA SIZE       =   ----    ----
   DATA SIZE        =      1    ----
   IDATA SIZE       =   ----    ----
   BIT SIZE         =   ----    ----
END OF MODULE INFORMATION.


C51 COMPILATION COMPLETE.  0 WARNING(S),  0 ERROR(S)
